[INFO] Scanning for projects...
[INFO] 
[INFO] -----------------------< com.jobtracker:backend >-----------------------
[INFO] Building Job Application Tracker Pro API 0.0.1-SNAPSHOT
[INFO]   from pom.xml
[INFO] --------------------------------[ jar ]---------------------------------
[INFO] 
[INFO] --- resources:3.3.1:resources (default-resources) @ backend ---
[INFO] Copying 1 resource from src\main\resources to target\classes
[INFO] Copying 0 resource from src\main\resources to target\classes
[INFO] 
[INFO] --- compiler:3.13.0:compile (default-compile) @ backend ---
[INFO] Nothing to compile - all classes are up to date.
[INFO] 
[INFO] --- resources:3.3.1:testResources (default-testResources) @ backend ---
[INFO] skip non existing resourceDirectory D:\project\Job-Application-Tracker-Pro\backend\src\test\resources
[INFO] 
[INFO] --- compiler:3.13.0:testCompile (default-testCompile) @ backend ---
[INFO] Nothing to compile - all classes are up to date.
[INFO] 
[INFO] --- surefire:3.5.2:test (default-test) @ backend ---
[INFO] Using auto detected provider org.apache.maven.surefire.junitplatform.JUnitPlatformProvider
[INFO] 
[INFO] -------------------------------------------------------
[INFO]  T E S T S
[INFO] -------------------------------------------------------
[INFO] Running com.jobtracker.backend.service.AuthServiceTest
mvn : Java HotSpot(TM) 64-Bit Server VM warning: Sharing 
is only supported for boot loader classes because 
bootstrap classpath has been appended
At line:1 char:1
+ mvn test -Dtest=AuthServiceTest > test_output.txt 2>&1
+ ~~~~~~~~~~~~~~~~~~~~~~~~~~~~~~~~~~~~~~~~~~~~~~~~~~~~~~
    + CategoryInfo          : NotSpecified: (Java HotSpot( 
   TM...s been appended:String) [], RemoteException
    + FullyQualifiedErrorId : NativeCommandError
 
[ERROR] Tests run: 3, Failures: 0, Errors: 3, Skipped: 0, Time elapsed: 1.402 s <<< FAILURE! -- in com.jobtracker.backend.service.AuthServiceTest
[ERROR] com.jobtracker.backend.service.AuthServiceTest.register_ShouldCreateUserAndReturnAuthResponse -- Time elapsed: 1.345 s <<< ERROR!
java.lang.Error: 
Unresolved compilation problem: 
	The method role(UserRole) from the type User.UserBuilder refers to the missing type UserRole

	at com.jobtracker.backend.service.AuthServiceTest.setUp(AuthServiceTest.java:63)
	at java.base/java.lang.reflect.Method.invoke(Method.java:568)
	at java.base/java.util.ArrayList.forEach(ArrayList.java:1511)
	at java.base/java.util.ArrayList.forEach(ArrayList.java:1511)

[ERROR] com.jobtracker.backend.service.AuthServiceTest.authenticate_ShouldReturnOnboardedTrue_WhenUserHasCompletedOnboarding -- Time elapsed: 0.013 s <<< ERROR!
java.lang.Error: 
Unresolved compilation problem: 
	The method role(UserRole) from the type User.UserBuilder refers to the missing type UserRole

	at com.jobtracker.backend.service.AuthServiceTest.setUp(AuthServiceTest.java:63)
	at java.base/java.lang.reflect.Method.invoke(Method.java:568)
	at java.base/java.util.ArrayList.forEach(ArrayList.java:1511)
	at java.base/java.util.ArrayList.forEach(ArrayList.java:1511)

[ERROR] com.jobtracker.backend.service.AuthServiceTest.authenticate_ShouldReturnAuthResponse_WhenCredentialsAreValid -- Time elapsed: 0.010 s <<< ERROR!
java.lang.Error: 
Unresolved compilation problem: 
	The method role(UserRole) from the type User.UserBuilder refers to the missing type UserRole

	at com.jobtracker.backend.service.AuthServiceTest.setUp(AuthServiceTest.java:63)
	at java.base/java.lang.reflect.Method.invoke(Method.java:568)
	at java.base/java.util.ArrayList.forEach(ArrayList.java:1511)
	at java.base/java.util.ArrayList.forEach(ArrayList.java:1511)

[INFO] 
[INFO] Results:
[INFO] 
[ERROR] Errors: 
[ERROR]   AuthServiceTest.setUp:63  Unresolved compilation problem: 
	The method role(UserRole) from the type User.UserBuilder refers to the missing type UserRole

[ERROR]   AuthServiceTest.setUp:63  Unresolved compilation problem: 
	The method role(UserRole) from the type User.UserBuilder refers to the missing type UserRole

[ERROR]   AuthServiceTest.setUp:63  Unresolved compilation problem: 
	The method role(UserRole) from the type User.UserBuilder refers to the missing type UserRole

[INFO] 
[ERROR] Tests run: 3, Failures: 0, Errors: 3, Skipped: 0
[INFO] 
[INFO] ------------------------------------------------------------------------
[INFO] BUILD FAILURE
[INFO] ------------------------------------------------------------------------
[INFO] Total time:  4.439 s
[INFO] Finished at: 2026-01-05T22:35:50+07:00
[INFO] ------------------------------------------------------------------------
[ERROR] Failed to execute goal org.apache.maven.plugins:maven-surefire-plugin:3.5.2:test (default-test) on project backend: 
[ERROR] 
[ERROR] See D:\project\Job-Application-Tracker-Pro\backend\target\surefire-reports for the individual test results.
[ERROR] See dump files (if any exist) [date].dump, [date]-jvmRun[N].dump and [date].dumpstream.
[ERROR] -> [Help 1]
[ERROR] 
[ERROR] To see the full stack trace of the errors, re-run Maven with the -e switch.
[ERROR] Re-run Maven using the -X switch to enable full debug logging.
[ERROR] 
[ERROR] For more information about the errors and possible solutions, please read the following articles:
[ERROR] [Help 1] http://cwiki.apache.org/confluence/display/MAVEN/MojoFailureException
